\BOOKMARK [0][-]{chapter*.3}{\376\377\000A\000b\000s\000t\000r\000a\000c\000t}{}% 1
\BOOKMARK [0][-]{chapter.1}{\376\377\000G\000I\036\332\000I\000\040\000T\000H\000I\036\306\000U\000\040\001\020\036\300\000\040\000T\000\300\000I}{}% 2
\BOOKMARK [0][-]{chapter.2}{\376\377\000G\000I\036\332\000I\000\040\000T\000H\000I\036\306\000U}{}% 3
\BOOKMARK [1][-]{section.2.1}{\376\377\001\020\036\267\000t\000\040\000v\036\245\000n\000\040\001\021\036\301}{chapter.2}% 4
\BOOKMARK [1][-]{section.2.2}{\376\377\000C\000\341\000c\000\040\000g\000i\036\243\000i\000\040\000p\000h\000\341\000p\000\040\000h\000i\036\307\000n\000\040\000c\000\363\000\040\000v\000\340\000\040\000h\036\241\000n\000\040\000c\000h\036\277}{chapter.2}% 5
\BOOKMARK [1][-]{section.2.3}{\376\377\000M\036\345\000c\000\040\000t\000i\000\352\000u\000\040\000v\000\340\000\040\000h\001\260\036\333\000n\000g\000\040\000g\000i\036\243\000i\000\040\000p\000h\000\341\000p}{chapter.2}% 6
\BOOKMARK [1][-]{section.2.4}{\376\377\001\020\000\363\000n\000g\000\040\000g\000\363\000p\000\040\000c\036\347\000a\000\040\000l\000u\036\255\000n\000\040\000v\001\003\000n}{chapter.2}% 7
\BOOKMARK [1][-]{section.2.5}{\376\377\000C\036\245\000u\000\040\000t\000r\000\372\000c\000\040\000l\000u\036\255\000n\000\040\000v\001\003\000n}{chapter.2}% 8
\BOOKMARK [0][-]{chapter.3}{\376\377\000N\036\300\000N\000\040\000T\036\242\000N\000G\000\040\000L\000\335\000\040\000T\000H\000U\000Y\036\276\000T}{}% 9
\BOOKMARK [0][-]{chapter.4}{\376\377\000C\001\240\000\040\000S\036\336\000\040\000L\000\335\000\040\000T\000H\000U\000Y\036\276\000T}{}% 10
\BOOKMARK [1][-]{section.4.1}{\376\377\000T\036\353\000\040\000k\036\363\000\040\000v\036\315\000n\000g\000\040\000b\000a\000n\000\040\001\021\036\247\000u\000\040\001\021\036\277\000n\000\040\000b\000\340\000i\000\040\000t\000o\000\341\000n\000\040\000t\000r\036\315\000n\000g\000\040\000t\000\342\000m}{chapter.4}% 11
\BOOKMARK [2][-]{subsection.4.1.1}{\376\377\000K\036\363\000\040\000v\036\315\000n\000g\000\040\000b\000a\000n\000\040\001\021\036\247\000u\000:\000\040\000n\036\331\000i\000\040\000s\000u\000y\000\040\000t\000h\036\335\000i\000\040\000g\000i\000a\000n}{section.4.1}% 12
\BOOKMARK [2][-]{subsection.4.1.2}{\376\377\000B\000\340\000i\000\040\000t\000o\000\341\000n\000\040\000t\000r\036\315\000n\000g\000\040\000t\000\342\000m\000:\000\040\000n\000g\000o\036\241\000i\000\040\000s\000u\000y\000\040\000k\000h\000\364\000n\000g\000\040\000g\000i\000a\000n}{section.4.1}% 13
\BOOKMARK [2][-]{subsection.4.1.3}{\376\377\000K\000h\000o\036\243\000n\000g\000\040\000c\000\341\000c\000h\000\040\000g\000i\036\357\000a\000\040\000k\036\363\000\040\000v\036\315\000n\000g\000\040\000v\000\340\000\040\000t\000h\036\361\000c\000\040\000t\036\277}{section.4.1}% 14
\BOOKMARK [1][-]{section.4.2}{\376\377\000C\000\341\000c\000\040\000k\036\277\000t\000\040\000q\000u\036\243\000\040\000n\000g\000h\000i\000\352\000n\000\040\000c\036\351\000u\000\040\000t\001\260\001\241\000n\000g\000\040\000t\036\361}{chapter.4}% 15
\BOOKMARK [2][-]{subsection.4.2.1}{\376\377\000H\036\315\000c\000\040\000m\000\341\000y\000\040\000c\000h\000o\000\040\001\260\036\333\000c\000\040\000t\000\355\000n\000h\000\040\000P\000M\0002\000.\0005\000\040\000t\036\353\000\040\000d\036\357\000\040\000l\000i\036\307\000u\000\040\000v\036\307\000\040\000t\000i\000n\000h}{section.4.2}% 16
\BOOKMARK [2][-]{subsection.4.2.2}{\376\377\000C\000\341\000c\000\040\000n\000g\000h\000i\000\352\000n\000\040\000c\036\351\000u\000\040\000P\000M\0002\000.\0005\000\040\000t\036\241\000i\000\040\000V\000i\036\307\000t\000\040\000N\000a\000m\000\040\000v\000\340\000\040\001\020\000\364\000n\000g\000\040\000N\000a\000m\000\040\000\301}{section.4.2}% 17
\BOOKMARK [2][-]{subsection.4.2.3}{\376\377\000C\000\341\000c\000\040\000s\036\243\000n\000\040\000p\000h\036\251\000m\000\040\000m\000\364\000\040\000h\000\354\000n\000h\000\040\000v\036\255\000n\000\040\000c\000h\000u\000y\036\303\000n\000\040\000h\000\363\000a\000\040\000h\036\315\000c}{section.4.2}% 18
\BOOKMARK [1][-]{section.4.3}{\376\377\000M\036\321\000i\000\040\000q\000u\000a\000n\000\040\000h\036\307\000\040\000A\000O\000D\040\023\000P\000M\0002\000.\0005}{chapter.4}% 19
\BOOKMARK [1][-]{section.4.4}{\376\377\000X\000G\000B\000o\000o\000s\000t\000\040\000v\000\340\000\040\000c\000h\000\355\000n\000h\000\040\000q\000u\000y\000\040\000h\000\363\000a\000\040\000D\000A\000R\000T}{chapter.4}% 20
\BOOKMARK [1][-]{section.4.5}{\376\377\000C\000\341\000c\000\040\000p\000h\001\260\001\241\000n\000g\000\040\000p\000h\000\341\000p\000\040\001\021\000\341\000n\000h\000\040\000g\000i\000\341\000\040\000t\001\260\001\241\000n\000g\000\040\036\351\000n\000g}{chapter.4}% 21
\BOOKMARK [2][-]{subsection.4.5.1}{\376\377\001\020\000\341\000n\000h\000\040\000g\000i\000\341\000\040\000c\000h\000\351\000o\000\040\000k\000-\000f\000o\000l\000d\000\040\000n\000g\036\253\000u\000\040\000n\000h\000i\000\352\000n\000\040\040\024\000\040\001\021\000\341\000n\000h\000\040\000g\000i\000\341\000\040\000n\036\331\000i\000\040\000s\000u\000y\000\040\000t\000h\036\335\000i\000\040\000g\000i\000a\000n}{section.4.5}% 22
\BOOKMARK [2][-]{subsection.4.5.2}{\376\377\001\020\000\341\000n\000h\000\040\000g\000i\000\341\000\040\000c\000h\000\351\000o\000\040\000b\036\317\000-\000m\036\331\000t\000-\000t\000r\036\241\000m\000-\000r\000a\000\040\000\050\000L\000O\000S\000O\000\051\000\040\040\024\000\040\001\021\000\341\000n\000h\000\040\000g\000i\000\341\000\040\000n\000g\000o\036\241\000i\000\040\000s\000u\000y\000\040\000k\000h\000\364\000n\000g\000\040\000g\000i\000a\000n}{section.4.5}% 23
\BOOKMARK [2][-]{subsection.4.5.3}{\376\377\001\020\000\341\000n\000h\000\040\000g\000i\000\341\000\040\001\021\036\331\000c\000\040\000l\036\255\000p}{section.4.5}% 24
\BOOKMARK [0][-]{chapter.5}{\376\377\000P\000H\001\257\001\240\000N\000G\000\040\000P\000H\000\301\000P\000\040\001\020\036\300\000\040\000X\000U\036\244\000T}{}% 25
\BOOKMARK [0][-]{chapter.6}{\376\377\000P\000H\001\257\001\240\000N\000G\000\040\000P\000H\000\301\000P\000\040\001\020\036\300\000\040\000X\000U\036\244\000T}{}% 26
\BOOKMARK [1][-]{section.6.1}{\376\377\000T\036\325\000n\000g\000\040\000q\000u\000a\000n\000\040\000g\000i\036\243\000i\000\040\000p\000h\000\341\000p}{chapter.6}% 27
\BOOKMARK [1][-]{section.6.2}{\376\377\000K\000h\000u\000\040\000v\036\361\000c\000\040\000n\000g\000h\000i\000\352\000n\000\040\000c\036\351\000u\000\040\000v\000\340\000\040\000n\000g\000u\036\323\000n\000\040\000d\036\357\000\040\000l\000i\036\307\000u}{chapter.6}% 28
\BOOKMARK [2][-]{subsection.6.2.1}{\376\377\000K\000h\000u\000\040\000v\036\361\000c\000\040\000n\000g\000h\000i\000\352\000n\000\040\000c\036\351\000u}{section.6.2}% 29
\BOOKMARK [2][-]{subsection.6.2.2}{\376\377\000M\036\241\000n\000g\000\040\000l\001\260\036\333\000i\000\040\000q\000u\000a\000n\000\040\000t\000r\036\257\000c\000\040\000m\036\267\000t\000\040\001\021\036\245\000t}{section.6.2}% 30
\BOOKMARK [2][-]{subsection.6.2.3}{\376\377\000Q\000u\000y\000\040\000t\000r\000\354\000n\000h\000\040\000t\000h\000u\000\040\000t\000h\036\255\000p\000\040\000d\036\357\000\040\000l\000i\036\307\000u}{section.6.2}% 31
\BOOKMARK [2][-]{subsection.6.2.4}{\376\377\000D\036\357\000\040\000l\000i\036\307\000u\000\040\000v\000i\036\305\000n\000\040\000t\000h\000\341\000m\000\040\000v\036\307\000\040\000t\000i\000n\000h}{section.6.2}% 32
\BOOKMARK [2][-]{subsection.6.2.5}{\376\377\000C\000\341\000c\000\040\000s\036\243\000n\000\040\000p\000h\036\251\000m\000\040\000m\000\364\000\040\000h\000\354\000n\000h\000\040\000v\036\255\000n\000\040\000c\000h\000u\000y\036\303\000n\000\040\000h\000\363\000a\000\040\000h\036\315\000c}{section.6.2}% 33
\BOOKMARK [2][-]{subsection.6.2.6}{\376\377\000D\036\357\000\040\000l\000i\036\307\000u\000\040\000t\000\341\000i\000\040\000p\000h\000\342\000n\000\040\000t\000\355\000c\000h\000\040\000k\000h\000\355\000\040\000t\001\260\036\343\000n\000g}{section.6.2}% 34
\BOOKMARK [2][-]{subsection.6.2.7}{\376\377\000D\036\357\000\040\000l\000i\036\307\000u\000\040\000k\000h\000\364\000n\000g\000\040\000g\000i\000a\000n\000\040\000p\000h\036\345\000\040\000t\000r\036\343}{section.6.2}% 35
\BOOKMARK [1][-]{section.6.3}{\376\377\000K\000i\036\303\000m\000\040\000s\000o\000\341\000t\000\040\000c\000h\036\245\000t\000\040\000l\001\260\036\343\000n\000g\000\040\000d\036\357\000\040\000l\000i\036\307\000u}{chapter.6}% 36
\BOOKMARK [2][-]{subsection.6.3.1}{\376\377\000L\036\315\000c\000\040\036\337\000\040\000c\036\245\000p\000\040\000q\000u\000a\000n\000\040\000t\000r\036\257\000c}{section.6.3}% 37
\BOOKMARK [2][-]{subsection.6.3.2}{\376\377\000L\000\340\000m\000\040\000s\036\241\000c\000h\000\040\036\337\000\040\000c\036\245\000p\000\040\001\021\036\267\000c\000\040\000t\000r\001\260\000n\000g}{section.6.3}% 38
\BOOKMARK [2][-]{subsection.6.3.3}{\376\377\000L\000o\036\241\000i\000\040\000b\036\317\000\040\036\337\000\040\000c\036\245\000p\000\040\000t\000r\036\241\000m}{section.6.3}% 39
\BOOKMARK [1][-]{section.6.4}{\376\377\000K\036\371\000\040\000t\000h\000u\036\255\000t\000\040\001\021\036\267\000c\000\040\000t\000r\001\260\000n\000g}{chapter.6}% 40
\BOOKMARK [2][-]{subsection.6.4.1}{\376\377\001\020\036\267\000c\000\040\000t\000r\001\260\000n\000g\000\040\000n\036\331\000i\000\040\000s\000u\000y\000\040\000k\000h\000\364\000n\000g\000\040\000g\000i\000a\000n\000\040\000\050\000R\000F\000S\000I\000\051}{section.6.4}% 41
\BOOKMARK [2][-]{subsection.6.4.2}{\376\377\001\020\036\267\000c\000\040\000t\000r\001\260\000n\000g\000\040\000k\000h\000\355\000\040\000t\001\260\036\343\000n\000g}{section.6.4}% 42
\BOOKMARK [2][-]{subsection.6.4.3}{\376\377\001\020\036\267\000c\000\040\000t\000r\001\260\000n\000g\000\040\000q\000u\000a\000n\000\040\000t\000r\036\257\000c\000\040\000v\036\307\000\040\000t\000i\000n\000h}{section.6.4}% 43
\BOOKMARK [2][-]{subsection.6.4.4}{\376\377\001\020\036\267\000c\000\040\000t\000r\001\260\000n\000g\000\040\000m\000\364\000\040\000h\000\354\000n\000h\000\040\000v\036\255\000n\000\040\000c\000h\000u\000y\036\303\000n\000\040\000h\000\363\000a\000\040\000h\036\315\000c}{section.6.4}% 44
\BOOKMARK [2][-]{subsection.6.4.5}{\376\377\001\020\036\267\000c\000\040\000t\000r\001\260\000n\000g\000\040\000t\000h\036\335\000i\000\040\000g\000i\000a\000n}{section.6.4}% 45
\BOOKMARK [2][-]{subsection.6.4.6}{\376\377\000D\036\245\000u\000\040\000v\000\342\000n\000\040\000t\000a\000y\000\040\000c\000h\036\277\000\040\001\021\036\331\000\040\000c\036\347\000a\000\040\000t\000r\036\241\000m}{section.6.4}% 46
\BOOKMARK [1][-]{section.6.5}{\376\377\000M\000\364\000\040\000h\000\354\000n\000h\000\040\000h\000\363\000a\000\040\000p\000h\000\342\000n\000\040\000t\036\247\000n\000g\000\040\000\050\000T\0004\000F\000\051}{chapter.6}% 47
\BOOKMARK [2][-]{subsection.6.5.1}{\376\377\001\020\036\331\000n\000g\000\040\000l\036\361\000c\000\040\000v\000\340\000\040\001\021\036\313\000n\000h\000\040\000n\000g\000h\001\051\000a}{section.6.5}% 48
\BOOKMARK [2][-]{subsection.6.5.2}{\376\377\000P\000h\036\345\000\040\000t\000h\000u\036\331\000c\000\040\000v\000\362\000n\000g\000\040\000t\000r\000\362\000n}{section.6.5}% 49
\BOOKMARK [1][-]{section.6.6}{\376\377\000C\000\341\000c\000\040\000p\000h\001\260\001\241\000n\000g\000\040\000p\000h\000\341\000p\000\040\000t\000r\000i\036\303\000n\000\040\000k\000h\000a\000i\000\040\001\021\001\260\036\343\000c}{chapter.6}% 50
\BOOKMARK [2][-]{subsection.6.6.1}{\376\377\000T\036\325\000\040\000h\036\343\000p\000\040\000c\000h\000u\000y\000\352\000n\000\040\000g\000i\000a\000\040\000c\036\325\000n\000g\000-\000m\036\301\000m}{section.6.6}% 51
\BOOKMARK [2][-]{subsection.6.6.2}{\376\377\001\020\001\260\036\335\000n\000g\000\040\000c\001\241\000\040\000s\036\337\000\040\000d\036\361\000\040\001\021\000o\000\341\000n\000\040\000h\000a\000i\000\040\000p\000h\000a}{section.6.6}% 52
\BOOKMARK [2][-]{subsection.6.6.3}{\376\377\000D\036\245\000u\000\040\000v\000\342\000n\000\040\000t\000a\000y\000\040\000c\000h\036\277\000\040\001\021\036\331\000\040\000d\036\253\000n\000\040\000x\000u\036\245\000t\000\040\000t\036\353\000\040\000v\036\307\000\040\000t\000i\000n\000h}{section.6.6}% 53
\BOOKMARK [2][-]{subsection.6.6.4}{\376\377\001\020\036\313\000n\000h\000\040\000t\000u\000y\036\277\000n\000\040\000t\000i\000\352\000n\000\040\000n\000g\000h\000i\036\307\000m\000\040\000k\000h\000\364\000n\000g\000\040\000g\000i\000a\000n}{section.6.6}% 54
\BOOKMARK [1][-]{section.6.7}{\376\377\000M\000\364\000\040\000h\000\354\000n\000h\000\040\000v\000\371\000n\000g\000\040\001\021\036\323\000n\000g\000\040\000b\036\261\000n\000g}{chapter.6}% 55
\BOOKMARK [0][-]{chapter.7}{\376\377\000P\000H\000\302\000N\000\040\000T\000\315\000C\000H\000\040\000L\000\335\000\040\000T\000H\000U\000Y\036\276\000T}{}% 56
\BOOKMARK [0][-]{chapter.8}{\376\377\000P\000H\000\302\000N\000\040\000T\000\315\000C\000H\000\040\000V\000\300\000\040\000B\000\300\000N\000\040\000L\000U\036\254\000N}{}% 57
\BOOKMARK [1][-]{section.8.1}{\376\377\000P\000h\000\342\000n\000\040\000t\000\355\000c\000h\000\040\000t\036\247\000m\000\040\000q\000u\000a\000n\000\040\000t\000r\036\315\000n\000g\000\040\001\021\036\267\000c\000\040\000t\000r\001\260\000n\000g}{chapter.8}% 58
\BOOKMARK [2][-]{subsection.8.1.1}{\376\377\000S\036\361\000\040\000t\000h\036\321\000n\000g\000\040\000t\000r\036\313\000\040\000c\036\347\000a\000\040\000n\036\331\000i\000\040\000s\000u\000y\000\040\000k\000h\000\364\000n\000g\000\040\000g\000i\000a\000n}{section.8.1}% 59
\BOOKMARK [2][-]{subsection.8.1.2}{\376\377\001\020\000\363\000n\000g\000\040\000g\000\363\000p\000\040\000c\036\347\000a\000\040\000v\036\307\000\040\000t\000i\000n\000h\000,\000\040\000k\000h\000\355\000\040\000t\001\260\036\343\000n\000g\000,\000\040\000v\000\340\000\040\000t\000h\036\335\000i\000\040\000g\000i\000a\000n}{section.8.1}% 60
\BOOKMARK [2][-]{subsection.8.1.3}{\376\377\000T\000\355\000n\000h\000\040\036\325\000n\000\040\001\021\036\313\000n\000h\000\040\000c\036\347\000a\000\040\001\021\036\267\000c\000\040\000t\000r\001\260\000n\000g\000\040\000v\000\340\000\040\000v\000a\000i\000\040\000t\000r\000\362\000\040\000c\036\347\000a\000\040\000d\036\245\000u\000\040\000v\000\342\000n\000\040\000t\000a\000y\000\040\000c\000h\036\277\000\040\001\021\036\331}{section.8.1}% 61
\BOOKMARK [1][-]{section.8.2}{\376\377\001\020\000\341\000n\000h\000\040\000g\000i\000\341\000\040\000c\000\341\000c\000\040\000s\036\243\000n\000\040\000p\000h\036\251\000m\000\040\000m\000\364\000\040\000h\000\354\000n\000h\000\040\000v\036\255\000n\000\040\000c\000h\000u\000y\036\303\000n\000\040\000h\000\363\000a\000\040\000h\036\315\000c}{chapter.8}% 62
\BOOKMARK [2][-]{subsection.8.2.1}{\376\377\000G\000E\000O\000S\000-\000C\000F\000:\000\040\000M\036\331\000t\000\040\000c\000h\000u\000\040\000k\036\363\000\040\000n\000g\000\340\000y\000\040\001\021\000\352\000m\000\040\001\021\036\243\000o\000\040\000n\000g\001\260\036\343\000c}{section.8.2}% 63
\BOOKMARK [2][-]{subsection.8.2.2}{\376\377\000M\000E\000R\000R\000A\000-\0002\000:\000\040\000C\000\342\000n\000\040\000b\036\261\000n\000g\000\040\000k\000h\036\321\000i\000\040\000l\001\260\036\343\000n\000g\000\040\000n\000h\001\260\000n\000g\000\040\000t\000h\000i\036\277\000u\000\040\000k\036\371\000\040\000n\001\003\000n\000g\000\040\000t\000h\036\335\000i\000\040\000g\000i\000a\000n}{section.8.2}% 64
\BOOKMARK [2][-]{subsection.8.2.3}{\376\377\000G\000H\000A\000P\000:\000\040\000K\036\371\000\040\000n\001\003\000n\000g\000\040\000k\000h\000\364\000n\000g\000\040\000g\000i\000a\000n\000\040\000t\000r\000u\000n\000g\000\040\000b\000\354\000n\000h\000,\000\040\000s\000\340\000n\000\040\000v\036\313\000-\000t\000r\000\355\000-\000s\036\241\000c\000h}{section.8.2}% 65
\BOOKMARK [2][-]{subsection.8.2.4}{\376\377\000T\036\325\000n\000g\000\040\000h\036\343\000p}{section.8.2}% 66
\BOOKMARK [1][-]{section.8.3}{\376\377\000N\000g\000h\000i\000\352\000n\000\040\000c\036\351\000u\000\040\000l\000o\036\241\000i\000\040\000b\036\317\000:\000\040\000c\000h\036\311\000\040\000v\036\307\000\040\000t\000i\000n\000h\000\040\000s\000o\000\040\000v\036\333\000i\000\040\000t\000r\036\241\000m\000\040\000m\036\267\000t\000\040\001\021\036\245\000t}{chapter.8}% 67
\BOOKMARK [2][-]{subsection.8.3.1}{\376\377\000T\000h\000a\000n\000g\000\040\000l\000o\036\241\000i\000\040\000b\036\317}{section.8.3}% 68
\BOOKMARK [2][-]{subsection.8.3.2}{\376\377\000N\001\241\000i\000\040\000v\036\307\000\040\000t\000i\000n\000h\000\040\000s\000\341\000n\000h\000\040\000n\000g\000a\000n\000g\000\040\000t\000r\036\241\000m\000\040\000m\036\267\000t\000\040\001\021\036\245\000t\000,\000\040\000v\000\340\000\040\000n\001\241\000i\000\040\000k\000h\000\364\000n\000g}{section.8.3}% 69
\BOOKMARK [2][-]{subsection.8.3.3}{\376\377\000D\000i\036\305\000n\000\040\000g\000i\036\243\000i}{section.8.3}% 70
\BOOKMARK [1][-]{section.8.4}{\376\377\001\020\000\341\000n\000h\000\040\000g\000i\000\341\000\040\000c\000\341\000c\000\040\000b\036\243\000n\000\040\001\021\036\323\000\040\000P\000M\0002\000.\0005\000\040\000h\000i\036\307\000n\000\040\000c\000\363}{chapter.8}% 71
\BOOKMARK [2][-]{subsection.8.4.1}{\376\377\000G\000H\000A\000P\000\040\000t\036\241\000i\000\040\000c\000\341\000c\000\040\000v\036\313\000\040\000t\000r\000\355\000\040\000s\036\241\000c\000h\000\040\000s\000o\000\040\000v\036\333\000i\000\040\000\364\000\040\000n\000h\000i\036\305\000m}{section.8.4}% 72
\BOOKMARK [2][-]{subsection.8.4.2}{\376\377\000M\000E\000R\000R\000A\000-\0002\000\040\000c\000h\000i\000a\000\040\000s\036\273\000\040\000c\000\371\000n\000g\000\040\000m\036\331\000t\000\040\000c\000h\036\277\000\040\001\021\036\331\000\040\000t\000h\036\245\000t\000\040\000b\036\241\000i}{section.8.4}% 73
\BOOKMARK [2][-]{subsection.8.4.3}{\376\377\000H\036\307\000\040\000q\000u\036\243\000:\000\040\000T\036\353\000\040\000b\036\243\000n\000\040\001\021\036\323\000\040\001\021\001\241\000n\000-\000g\000i\000\341\000-\000t\000r\036\313\000\040\001\021\036\277\000n\000\040\000l\036\255\000p\000\040\000b\036\243\000n\000\040\001\021\036\323\000\040\000n\000h\036\255\000n\000-\000b\000i\036\277\000t\000-\001\021\036\331\000-\000t\000i\000n\000-\000c\036\255\000y}{section.8.4}% 74
\BOOKMARK [1][-]{section.8.5}{\376\377\000M\036\255\000t\000\040\001\021\036\331\000\040\000t\000r\036\241\000m\000\040\000n\000h\001\260\000\040\000r\000\340\000n\000g\000\040\000b\000u\036\331\000c\000\040\000t\000h\000e\000n\000\040\000c\000h\036\321\000t}{chapter.8}% 75
\BOOKMARK [2][-]{subsection.8.5.1}{\376\377\000S\000o\000\040\000s\000\341\000n\000h\000\040\000m\036\255\000t\000\040\001\021\036\331\000\040\000t\000r\000o\000n\000g\000\040\000b\036\321\000i\000\040\000c\036\243\000n\000h}{section.8.5}% 76
\BOOKMARK [2][-]{subsection.8.5.2}{\376\377\000S\036\361\000\040\000s\000u\000y\000\040\000g\000i\036\243\000m\000\040\000k\036\371\000\040\000n\001\003\000n\000g\000\040\000d\036\361\000\040\001\021\000o\000\341\000n\000\040\000t\000h\000e\000o\000\040\000k\000h\000o\036\243\000n\000g\000\040\000c\000\341\000c\000h}{section.8.5}% 77
\BOOKMARK [2][-]{subsection.8.5.3}{\376\377\000C\000o\000n\000\040\001\021\001\260\036\335\000n\000g\000\040\000p\000h\000\355\000a\000\040\000t\000r\001\260\036\333\000c\000:\000\040\000L\000\340\000m\000\040\000d\000\340\000y}{section.8.5}% 78
\BOOKMARK [0][-]{chapter.9}{\376\377\001\020\000\301\000N\000H\000\040\000G\000I\000\301\000\040\000T\000H\036\360\000C\000\040\000N\000G\000H\000I\036\306\000M}{}% 79
\BOOKMARK [0][-]{chapter.10}{\376\377\001\020\000\301\000N\000H\000\040\000G\000I\000\301\000\040\000T\000H\036\360\000C\000\040\000N\000G\000H\000I\036\306\000M}{}% 80
\BOOKMARK [1][-]{section.10.1}{\376\377\000C\000\341\000c\000\040\000t\000h\000a\000m\000\040\000s\036\321\000\040\001\021\000\341\000n\000h\000\040\000g\000i\000\341}{chapter.10}% 81
\BOOKMARK [1][-]{section.10.2}{\376\377\000N\036\331\000i\000\040\000s\000u\000y\000\040\000t\000h\036\335\000i\000\040\000g\000i\000a\000n\000\040\000\050\001\021\000\341\000n\000h\000\040\000g\000i\000\341\000\040\000c\000h\000\351\000o\000\040\000n\000g\036\253\000u\000\040\000n\000h\000i\000\352\000n\000\051}{chapter.10}% 82
\BOOKMARK [1][-]{section.10.3}{\376\377\000N\000g\000o\036\241\000i\000\040\000s\000u\000y\000\040\000k\000h\000\364\000n\000g\000\040\000g\000i\000a\000n\000\040\000\050\000L\000O\000S\000O\000\040\040\024\000\040\000c\036\245\000u\000\040\000h\000\354\000n\000h\000\040\000t\000o\000\340\000n\000\040\000c\036\345\000c\000\051}{chapter.10}% 83
\BOOKMARK [1][-]{section.10.4}{\376\377\000K\036\277\000t\000\040\000q\000u\036\243\000\040\000p\000h\000\342\000n\000\040\000t\036\247\000n\000g\000\040\000t\000h\000e\000o\000\040\000m\036\351\000c\000\040\000\364\000\040\000n\000h\000i\036\305\000m}{chapter.10}% 84
\BOOKMARK [1][-]{section.10.5}{\376\377\000S\000o\000\040\000s\000\341\000n\000h\000\040\000c\000\341\000c\000\040\000m\000\364\000\040\000h\000\354\000n\000h\000\040\000t\000r\000i\036\303\000n\000\040\000k\000h\000a\000i\000\040\001\021\001\260\036\343\000c}{chapter.10}% 85
\BOOKMARK [1][-]{section.10.6}{\376\377\001\020\000\341\000n\000h\000\040\000g\000i\000\341\000\040\001\021\036\331\000c\000\040\000l\036\255\000p\000\040\000\050\000m\036\241\000n\000g\000\040\000l\001\260\036\333\000i\000\040\000L\000C\000S\000\051}{chapter.10}% 86
\BOOKMARK [1][-]{section.10.7}{\376\377\000T\036\325\000n\000g\000\040\000h\036\343\000p\000\040\000c\000\341\000c\000\040\000t\000h\000\355\000\040\000n\000g\000h\000i\036\307\000m\000\040\000k\000h\000\364\000n\000g\000\040\000t\000h\000\340\000n\000h\000\040\000c\000\364\000n\000g}{chapter.10}% 87
\BOOKMARK [1][-]{section.10.8}{\376\377\000M\036\331\000t\000\040\000g\000\363\000c\000\040\000n\000h\000\354\000n\000\040\000t\000h\036\321\000n\000g\000\040\000n\000h\036\245\000t\000:\000\040\000n\036\331\000i\000\040\000s\000u\000y\000\040\000v\000\340\000\040\000n\000g\000o\036\241\000i\000\040\000s\000u\000y}{chapter.10}% 88
\BOOKMARK [0][-]{chapter.11}{\376\377\000K\036\276\000T\000\040\000L\000U\036\254\000N}{}% 89
\BOOKMARK [0][-]{chapter.12}{\376\377\000K\036\276\000T\000\040\000L\000U\036\254\000N}{}% 90
\BOOKMARK [1][-]{section.12.1}{\376\377\000T\036\325\000n\000g\000\040\000h\036\343\000p\000\040\000c\000\341\000c\000\040\000p\000h\000\341\000t\000\040\000h\000i\036\307\000n}{chapter.12}% 91
\BOOKMARK [1][-]{section.12.2}{\376\377\000K\000h\000u\000y\036\277\000n\000\040\000n\000g\000h\036\313\000\040\000c\000h\000o\000\040\000c\000h\000i\036\277\000n\000\040\000l\001\260\036\343\000c\000\040\000q\000u\000a\000n\000\040\000t\000r\036\257\000c\000\040\000c\000h\036\245\000t\000\040\000l\001\260\036\343\000n\000g\000\040\000k\000h\000\364\000n\000g\000\040\000k\000h\000\355\000\040\000c\036\347\000a\000\040\000V\000i\036\307\000t\000\040\000N\000a\000m}{chapter.12}% 92
\BOOKMARK [1][-]{section.12.3}{\376\377\000H\036\241\000n\000\040\000c\000h\036\277}{chapter.12}% 93
\BOOKMARK [1][-]{section.12.4}{\376\377\000H\001\260\036\333\000n\000g\000\040\000p\000h\000\341\000t\000\040\000t\000r\000i\036\303\000n\000\040\000t\000r\000o\000n\000g\000\040\000t\001\260\001\241\000n\000g\000\040\000l\000a\000i}{chapter.12}% 94
\BOOKMARK [1][-]{section.12.5}{\376\377\000L\036\335\000i\000\040\000k\036\277\000t}{chapter.12}% 95
\BOOKMARK [0][-]{section*.19}{\376\377\000T\000\300\000I\000\040\000L\000I\036\306\000U\000\040\000T\000H\000A\000M\000\040\000K\000H\036\242\000O}{}% 96
\BOOKMARK [0][-]{section*.20}{\376\377\000P\000H\036\344\000\040\000L\036\344\000C}{}% 97
\BOOKMARK [0][-]{appendix.A}{\376\377\000D\036\356\000\040\000L\000I\036\306\000U\000\040\000V\000\300\000\040\001\020\036\266\000C\000\040\000T\000R\001\257\000N\000G}{}% 98
\BOOKMARK [1][-]{section.A.1}{\376\377\000D\000a\000n\000h\000\040\000s\000\341\000c\000h\000\040\000t\000r\036\241\000m\000\040\000q\000u\000a\000n\000\040\000t\000r\036\257\000c}{appendix.A}% 99
\BOOKMARK [1][-]{section.A.2}{\376\377\000D\000a\000n\000h\000\040\000s\000\341\000c\000h\000\040\001\021\036\267\000c\000\040\000t\000r\001\260\000n\000g}{appendix.A}% 100
\BOOKMARK [1][-]{section.A.3}{\376\377\000G\000o\000o\000g\000l\000e\000\040\000E\000a\000r\000t\000h\000\040\000E\000n\000g\000i\000n\000e\000\040\000S\000c\000r\000i\000p\000t\000s}{appendix.A}% 101
\BOOKMARK [0][-]{appendix.B}{\376\377\000C\036\244\000U\000\040\000H\000\314\000N\000H\000\040\000T\000H\000\315\000\040\000N\000G\000H\000I\036\306\000M}{}% 102
